[dotenv@17.2.3] injecting env (13) from .env -- tip: ≡ƒöÉ prevent building .env in docker: https://dotenvx.com/prebuild
Connecting to MongoDB...
node : Test failed 
with error: querySrv 
ECONNREFUSED _mongodb._
tcp.health-one.5c3izhx.
mongodb.net
At line:1 char:1
+ node test_twilio.js 
> test_output.log 2>&1
+ ~~~~~~~~~~~~~~~~~~~~~
~~~~~~~~~~~~~~~~~~~~~
    + CategoryInfo     
         : NotSpecifi  
  ed: (Test failed w   
 it...zhx.mongodb.n    
et:String) [], Rem    
oteException
    + FullyQualifiedEr 
   rorId : NativeComm  
  andError
 
